|_Top
  |_L
    |_.
    |_LR
      |_.
      |_.
  |_R
    |_.
    |_RL
      |_.
      |_.


