
Affichage de lis3 :
hd[0] : 0
hd[1] : 1
hd[2] : 2
hd[3] : 3
hd[4] : 4

Affichage de newlist :
hd[0] : 1
hd[1] : 3
hd[2] : 4
hd[3] : 7
hd[4] : 11
hd[5] : 18
hd[6] : 29
hd[7] : 47
hd[8] : 76
hd[9] : 123

