[0][0] = 101
[0][1] = 102
[0][2] = 103
[1][0] = 104
[1][1] = 105
[1][2] = 106
[2][0] = 107
[2][1] = 108
[2][2] = 109

