tab[0] => 0
tab[1] => 1
tab[2] => 1
tab[3] => 2
tab[4] => 3
tab[5] => 5
tab[6] => 8
tab[7] => 13
tab[8] => 21
tab[9] => 34

