matrix[0][0] => 101
matrix[0][1] => 102
matrix[0][2] => 103
matrix[1][0] => 104
matrix[1][1] => 105
matrix[1][2] => 106
matrix[2][0] => 107
matrix[2][1] => 108
matrix[2][2] => 109

