tab[0] => 1
tab[1] => 2
tab[2] => 3
tab[3] => 4
tab[4] => 5

