1 <== l1.hd (1)
0 <== l1.tl (0)
2 <== l2.hd (2)
0 <== l2.tl (0)
3 <== l3.hd (3)
28 <== l3.tl (@)
4 <== l3.tl.hd (4)
12 <== l3.tl.tl (@)
2 <== l3.tl.tl.hd = l2.hd (2)
0 <== l3.tl.tl.tl = l2.tl (0)

