Entrez une liste triee d'entiers positifs, terminez par un caractere qui n'est ni chiffre ni espace
Entrez une liste triee d'entiers positifs, terminez par un caractere qui n'est ni chiffre ni espace
Voici la fusion des deux listes en entree:
0 1 2 3 4 4 5 6 9 

